// Jest Snapshot v1, https://goo.gl/fbAQLP

exports[`<Main /> should render the heading 1`] = `
<main
  class="sc-e07d1157-0 ioLEpy"
>
  <img
    alt="Imagem de um átomo com fundo rosa e React Avançado escrito ao lado"
    class="sc-e07d1157-1 cSfXQT"
    src="/img/logo.svg"
  />
  <h1
    class="sc-e07d1157-2 kwakBU"
  >
    React Avançado!
  </h1>
  <h2
    class="sc-e07d1157-3 eLlIIP"
  >
    Typescript, React, NextJS e Styled Components
  </h2>
  <img
    alt="Um desenvolvedor de frente para a tela com código"
    class="sc-e07d1157-4 iWLhGc"
    src="/img/hero-illustration.svg"
  />
</main>
`;
